******************************************************************************
                  MSP430 Linker PC v4.3.1                      
******************************************************************************
>> Linked Wed Apr 23 16:58:01 2014

OUTPUT FILE NAME:   <FanController.out>
ENTRY POINT SYMBOL: "_c_int00"  address: 0000f66c


MEMORY CONFIGURATION

         name            origin    length      used     unused   attr    fill
----------------------  --------  ---------  --------  --------  ----  --------
  SFR                   00000000   00000010  00000000  00000010  RWIX
  PERIPHERALS_8BIT      00000010   000000f0  00000000  000000f0  RWIX
  PERIPHERALS_16BIT     00000100   00000100  00000000  00000100  RWIX
  RAM                   00000200   00000200  00000086  0000017a  RWIX
  INFOD                 00001000   00000040  00000000  00000040  RWIX
  INFOC                 00001040   00000040  00000000  00000040  RWIX
  INFOB                 00001080   00000040  00000000  00000040  RWIX
  INFOA                 000010c0   00000040  00000000  00000040  RWIX
  FLASH                 0000c000   00003fe0  00003984  0000065c  RWIX
  INT00                 0000ffe0   00000002  00000000  00000002  RWIX
  INT01                 0000ffe2   00000002  00000000  00000002  RWIX
  INT02                 0000ffe4   00000002  00000002  00000000  RWIX
  INT03                 0000ffe6   00000002  00000002  00000000  RWIX
  INT04                 0000ffe8   00000002  00000000  00000002  RWIX
  INT05                 0000ffea   00000002  00000002  00000000  RWIX
  INT06                 0000ffec   00000002  00000002  00000000  RWIX
  INT07                 0000ffee   00000002  00000002  00000000  RWIX
  INT08                 0000fff0   00000002  00000002  00000000  RWIX
  INT09                 0000fff2   00000002  00000002  00000000  RWIX
  INT10                 0000fff4   00000002  00000002  00000000  RWIX
  INT11                 0000fff6   00000002  00000002  00000000  RWIX
  INT12                 0000fff8   00000002  00000002  00000000  RWIX
  INT13                 0000fffa   00000002  00000002  00000000  RWIX
  INT14                 0000fffc   00000002  00000002  00000000  RWIX
  RESET                 0000fffe   00000002  00000002  00000000  RWIX


SECTION ALLOCATION MAP

 output                                  attributes/
section   page    origin      length       input sections
--------  ----  ----------  ----------   ----------------
.init_array 
*          0    0000c000    00000000     UNINITIALIZED

.bss       0    00000200    0000002a     UNINITIALIZED
                  00000200    0000002a     (.common:GV)

.TI.noinit 
*          0    00000200    00000000     UNINITIALIZED

.data      0    0000022a    0000000c     UNINITIALIZED
                  0000022a    0000000c     main.obj (.data:TemperatureString)

.TI.persistent 
*          0    0000022a    00000000     UNINITIALIZED

.stack     0    000003b0    00000050     UNINITIALIZED
                  000003b0    00000002     rts430_eabi.lib : boot.obj (.stack)
                  000003b2    0000004e     --HOLE--

.text      0    0000c000    000037e2     
                  0000c000    00000466     rts430_eabi.lib : frcdivd.obj (.text:__TI_frcdivd)
                  0000c466    000003a0                     : llmath.obj (.text:__mspabi_divull)
                  0000c806    000002f8                     : frcmpyd.obj (.text:__TI_frcmpyd)
                  0000cafe    000002e8                     : addd.obj (.text:__mspabi_addd)
                  0000cde6    00000278                     : frcaddd.obj (.text:__TI_frcaddd)
                  0000d05e    0000026e                     : mpyd.obj (.text:__mspabi_mpyd)
                  0000d2cc    00000244                     : _printfi.obj (.text:_setfield)
                  0000d510    00000238                     : divd.obj (.text:__mspabi_divd)
                  0000d748    00000220                     : _printfi.obj (.text:ecvt)
                  0000d968    0000021a                     : _printfi.obj (.text:fcvt)
                  0000db82    000001fe                     : _printfi.obj (.text:_pproc_fge)
                  0000dd80    000001de                     : _printfi.obj (.text:__TI_printfi)
                  0000df5e    000001ac                     : _printfi.obj (.text:_pconv_e)
                  0000e10a    00000168                     : _printfi.obj (.text:_getarg_diouxp)
                  0000e272    00000150                     : _printfi.obj (.text:_pproc_diouxp)
                  0000e3c2    00000114                     : mult64.obj (.text:__mpyll)
                  0000e4d6    00000108                     : _printfi.obj (.text:_pconv_g)
                  0000e5de    00000106                     : _printfi.obj (.text:_ltostr)
                  0000e6e4    000000f8                     : _printfi.obj (.text:_pproc_fwp)
                  0000e7dc    000000dc                     : cmpd.obj (.text:__mspabi_cmpd)
                  0000e8b8    000000c2                     : renormd.obj (.text:__TI_renormd)
                  0000e97a    000000ae                     : _printfi.obj (.text:_pproc_str)
                  0000ea28    000000a2                     : fltlid.obj (.text:__mspabi_fltlid)
                  0000eaca    00000092                     : _printfi.obj (.text:_mcpy)
                  0000eb5c    00000090                     : _printfi.obj (.text:_div)
                  0000ebec    00000086                     : _printfi.obj (.text:_ecpy)
                  0000ec72    00000084                     : ltoa.obj (.text:ltoa)
                  0000ecf6    00000080                     : _printfi.obj (.text:_pconv_f)
                  0000ed76    00000074                     : fixdul.obj (.text:__mspabi_fixdul)
                  0000edea    00000072                     : fixdli.obj (.text:__mspabi_fixdli)
                  0000ee5c    0000006c     main.obj (.text:USCI0_RX_ISR)
                  0000eec8    0000005e     rts430_eabi.lib : copy_decompress_rle.obj (.text:__TI_decompress_rle_core)
                  0000ef26    0000005e                     : autoinit.obj (.text:_auto_init)
                  0000ef84    0000005c                     : lsr32.obj (.text:l_lsr_const)
                  0000efe0    00000058                     : div32u.obj (.text)
                  0000f038    00000054                     : atoi.obj (.text:atoi)
                  0000f08c    00000050                     : xdclass.obj (.text:_Dclass)
                  0000f0dc    0000004e                     : _printfi.obj (.text:_fcpy)
                  0000f12a    0000004c                     : lsr16.obj (.text)
                  0000f176    0000004a     sample.obj (.text:UpdateSampleData)
                  0000f1c0    00000044     rts430_eabi.lib : llmath.obj (.text:__mspabi_srlll)
                  0000f204    00000044                     : _printfi.obj (.text:_pproc_fflags)
                  0000f248    00000042     main.obj (.text:ADC10_ISR)
                  0000f28a    00000042     rts430_eabi.lib : llmath.obj (.text:__mspabi_sllll)
                  0000f2cc    00000042     main.obj (.text:init)
                  0000f30e    00000040     rts430_eabi.lib : div32s.obj (.text)
                  0000f34e    0000003e                     : asr32.obj (.text:l_asr_const)
                  0000f38c    0000003e                     : lsl32.obj (.text:l_lsl_const)
                  0000f3ca    0000003c     sample.obj (.text:InitializeSamples)
                  0000f406    0000003c     main.obj (.text:main)
                  0000f442    00000038     rts430_eabi.lib : sprintf.obj (.text:sprintf)
                  0000f47a    00000034     main.obj (.text:SetupADC10)
                  0000f4ae    0000002e     rts430_eabi.lib : subd.obj (.text:__mspabi_subd)
                  0000f4dc    0000002c                     : asr16.obj (.text)
                  0000f508    0000002c                     : lsl16.obj (.text)
                  0000f534    0000002a     main.obj (.text:USCI0_TX_ISR)
                  0000f55e    0000002a     rts430_eabi.lib : negd.obj (.text:__mspabi_negd)
                  0000f588    00000026                     : mult32.obj (.text)
                  0000f5ae    00000024     main.obj (.text:TIMER1_A0_ISR)
                  0000f5d2    00000022     rts430_eabi.lib : mult1632.obj (.text:__mpyul)
                  0000f5f4    00000020     main.obj (.text:SetupTIMER0_A)
                  0000f614    0000001e     main.obj (.text:SetupUSART_A0)
                  0000f632    0000001e     main.obj (.text:TransmitGVTxString)
                  0000f650    0000001c     rts430_eabi.lib : memccpy.obj (.text:memccpy)
                  0000f66c    0000001a                     : boot.obj (.text:_c_int00_noexit)
                  0000f686    0000001a                     : sprintf.obj (.text:_outs)
                  0000f6a0    00000016                     : div16u.obj (.text)
                  0000f6b6    00000014     main.obj (.text:SetupTIMER1_A)
                  0000f6ca    00000014     rts430_eabi.lib : copy_zero_init.obj (.text:decompress:ZI:__TI_zero_init)
                  0000f6de    00000014                     : memset.obj (.text:memset)
                  0000f6f2    00000014                     : mult16.obj (.text)
                  0000f706    00000012                     : fixdu.obj (.text:__mspabi_fixdu)
                  0000f718    00000012                     : sprintf.obj (.text:_outc)
                  0000f72a    00000012                     : copy_decompress_none.obj (.text:decompress:none:__TI_decompress_none)
                  0000f73c    00000012                     : lsr32.obj (.text:l_lsr)
                  0000f74e    00000012                     : memcpy.obj (.text:memcpy)
                  0000f760    00000010     main.obj (.text:TIMER0_A1_ISR)
                  0000f770    00000010     rts430_eabi.lib : asr32.obj (.text:l_asr)
                  0000f780    00000010                     : lsl32.obj (.text:l_lsl)
                  0000f790    00000010                     : epilog.obj (.text)
                  0000f7a0    0000000e                     : strlen.obj (.text:strlen)
                  0000f7ae    0000000c                     : toupper.obj (.text:toupper)
                  0000f7ba    0000000a     main.obj (.text:TIMER0_A0_ISR)
                  0000f7c4    0000000a     rts430_eabi.lib : abs.obj (.text:abs)
                  0000f7ce    00000006                     : isr_trap.obj (.text:__TI_ISR_TRAP)
                  0000f7d4    00000006                     : copy_decompress_rle.obj (.text:decompress:rle24:__TI_decompress_rle24)
                  0000f7da    00000004                     : pre_init.obj (.text:_system_pre_init)
                  0000f7de    00000004                     : exit.obj (.text:abort)

.const     0    0000f7e2    00000180     
                  0000f7e2    00000101     rts430_eabi.lib : ctype.obj (.const:.string:_ctypes_)
                  0000f8e3    00000001     --HOLE-- [fill = 0]
                  0000f8e4    0000003f     main.obj (.const:.string:EchoString)
                  0000f923    00000001     --HOLE-- [fill = 0]
                  0000f924    00000024     rts430_eabi.lib : _printfi.obj (.const:.string)
                  0000f948    0000000e     main.obj (.const:.string:OutputString)
                  0000f956    0000000c     main.obj (.const:.string)

.cinit     0    0000f962    00000022     
                  0000f962    00000010     (.cinit..data.load) [load image]
                  0000f972    00000006     (__TI_handler_table)
                  0000f978    00000004     (.cinit..bss.load) [load image, compression = zero_init]
                  0000f97c    00000008     (__TI_cinit_table)

PORT1      0    0000ffe4    00000002     
                  0000ffe4    00000002     rts430_eabi.lib : int02.obj (.int02)

PORT2      0    0000ffe6    00000002     
                  0000ffe6    00000002     rts430_eabi.lib : int03.obj (.int03)

ADC10      0    0000ffea    00000002     
                  0000ffea    00000002     main.obj (.int05)

USCIAB0TX 
*          0    0000ffec    00000002     
                  0000ffec    00000002     main.obj (.int06)

USCIAB0RX 
*          0    0000ffee    00000002     
                  0000ffee    00000002     main.obj (.int07)

TIMER0_A1 
*          0    0000fff0    00000002     
                  0000fff0    00000002     main.obj (.int08)

TIMER0_A0 
*          0    0000fff2    00000002     
                  0000fff2    00000002     main.obj (.int09)

WDT        0    0000fff4    00000002     
                  0000fff4    00000002     rts430_eabi.lib : int10.obj (.int10)

COMPARATORA 
*          0    0000fff6    00000002     
                  0000fff6    00000002     rts430_eabi.lib : int11.obj (.int11)

TIMER1_A1 
*          0    0000fff8    00000002     
                  0000fff8    00000002     rts430_eabi.lib : int12.obj (.int12)

TIMER1_A0 
*          0    0000fffa    00000002     
                  0000fffa    00000002     main.obj (.int13)

NMI        0    0000fffc    00000002     
                  0000fffc    00000002     rts430_eabi.lib : int14.obj (.int14)

.reset     0    0000fffe    00000002     
                  0000fffe    00000002     rts430_eabi.lib : boot.obj (.reset)


LINKER GENERATED COPY TABLES

__TI_cinit_table @ 0000f97c records: 2, size/record: 4, table size: 8
	.data: load addr=0000f962, load size=00000010 bytes, run addr=0000022a, run size=0000000c bytes, compression=copy
	.bss: load addr=0000f978, load size=00000004 bytes, run addr=00000200, run size=0000002a bytes, compression=zero_init


LINKER GENERATED HANDLER TABLE

__TI_handler_table @ 0000f972 records: 3, size/record: 2, table size: 6
	index: 0, handler: __TI_zero_init
	index: 1, handler: __TI_decompress_rle24
	index: 2, handler: __TI_decompress_none


GLOBAL SYMBOLS: SORTED ALPHABETICALLY BY Name 

address    name
--------   ----
0000004a   ADC10AE0
000001b0   ADC10CTL0
000001b2   ADC10CTL1
00000048   ADC10DTC0
00000049   ADC10DTC1
000001b4   ADC10MEM
000001bc   ADC10SA
0000f248   ADC10_ISR
00000057   BCSCTL1
00000058   BCSCTL2
00000053   BCSCTL3
0000f7de   C$$EXIT
00000059   CACTL1
0000005a   CACTL2
000010fb   CALBC1_12MHZ
000010f9   CALBC1_16MHZ
000010ff   CALBC1_1MHZ
000010fd   CALBC1_8MHZ
000010fa   CALDCO_12MHZ
000010f8   CALDCO_16MHZ
000010fe   CALDCO_1MHZ
000010fc   CALDCO_8MHZ
0000005b   CAPD
00000056   DCOCTL
0000f8e4   EchoString
00000128   FCTL1
0000012a   FCTL2
0000012c   FCTL3
00000200   GV
00000000   IE1
00000001   IE2
00000002   IFG1
00000003   IFG2
0000f3ca   InitializeSamples
0000f948   OutputString
00000022   P1DIR
00000025   P1IE
00000024   P1IES
00000023   P1IFG
00000020   P1IN
00000021   P1OUT
00000027   P1REN
00000026   P1SEL
00000041   P1SEL2
0000002a   P2DIR
0000002d   P2IE
0000002c   P2IES
0000002b   P2IFG
00000028   P2IN
00000029   P2OUT
0000002f   P2REN
0000002e   P2SEL
00000042   P2SEL2
0000001a   P3DIR
00000018   P3IN
00000019   P3OUT
00000010   P3REN
0000001b   P3SEL
00000043   P3SEL2
0000f47a   SetupADC10
0000f5f4   SetupTIMER0_A
0000f6b6   SetupTIMER1_A
0000f614   SetupUSART_A0
00000172   TA0CCR0
00000174   TA0CCR1
00000176   TA0CCR2
00000162   TA0CCTL0
00000164   TA0CCTL1
00000166   TA0CCTL2
00000160   TA0CTL
0000012e   TA0IV
00000170   TA0R
00000192   TA1CCR0
00000194   TA1CCR1
00000196   TA1CCR2
00000182   TA1CCTL0
00000184   TA1CCTL1
00000186   TA1CCTL2
00000180   TA1CTL
0000011e   TA1IV
00000190   TA1R
0000f7ba   TIMER0_A0_ISR
0000f760   TIMER0_A1_ISR
0000f5ae   TIMER1_A0_ISR
000010db   TLV_ADC10_1_LEN
000010da   TLV_ADC10_1_TAG
000010c0   TLV_CHECKSUM
000010f7   TLV_DCO_30_LEN
000010f6   TLV_DCO_30_TAG
0000022a   TemperatureString
0000f632   TransmitGVTxString
0000005d   UCA0ABCTL
00000062   UCA0BR0
00000063   UCA0BR1
00000060   UCA0CTL0
00000061   UCA0CTL1
0000005f   UCA0IRRCTL
0000005e   UCA0IRTCTL
00000064   UCA0MCTL
00000066   UCA0RXBUF
00000065   UCA0STAT
00000067   UCA0TXBUF
0000006a   UCB0BR0
0000006b   UCB0BR1
00000068   UCB0CTL0
00000069   UCB0CTL1
0000006c   UCB0I2CIE
00000118   UCB0I2COA
0000011a   UCB0I2CSA
0000006e   UCB0RXBUF
0000006d   UCB0STAT
0000006f   UCB0TXBUF
0000ee5c   USCI0_RX_ISR
0000f534   USCI0_TX_ISR
0000f176   UpdateSampleData
00000120   WDTCTL
0000f08c   _Dclass
00000400   __STACK_END
00000050   __STACK_SIZE
0000f97c   __TI_CINIT_Base
0000f984   __TI_CINIT_Limit
0000f972   __TI_Handler_Table_Base
0000f978   __TI_Handler_Table_Limit
UNDEFED    __TI_INITARRAY_Base
UNDEFED    __TI_INITARRAY_Limit
0000f7ce   __TI_ISR_TRAP
00000001   __TI_args_main
0000f72a   __TI_decompress_none
0000f7d4   __TI_decompress_rle24
00000001   __TI_exit
0000cde6   __TI_frcaddd
0000c000   __TI_frcdivd
0000c806   __TI_frcmpyd
0000ffe4   __TI_int02
0000ffe6   __TI_int03
0000ffea   __TI_int05
0000ffec   __TI_int06
0000ffee   __TI_int07
0000fff0   __TI_int08
0000fff2   __TI_int09
0000fff4   __TI_int10
0000fff6   __TI_int11
0000fff8   __TI_int12
0000fffa   __TI_int13
0000fffc   __TI_int14
0000dd80   __TI_printfi
0000e8b8   __TI_renormd
0000f6ca   __TI_zero_init
ffffffff   __binit__
ffffffff   __c_args__
0000cafe   __mspabi_addd
0000e7dc   __mspabi_cmpd
0000d510   __mspabi_divd
0000f30e   __mspabi_divli
0000f6a0   __mspabi_divu
0000efe0   __mspabi_divul
0000c466   __mspabi_divull
0000edea   __mspabi_fixdli
0000f706   __mspabi_fixdu
0000ed76   __mspabi_fixdul
0000ea28   __mspabi_fltlid
0000f79c   __mspabi_func_epilog_1
0000f79a   __mspabi_func_epilog_2
0000f798   __mspabi_func_epilog_3
0000f796   __mspabi_func_epilog_4
0000f794   __mspabi_func_epilog_5
0000f792   __mspabi_func_epilog_6
0000f790   __mspabi_func_epilog_7
0000d05e   __mspabi_mpyd
0000f6f2   __mspabi_mpyi
0000f588   __mspabi_mpyl
0000e3c2   __mspabi_mpyll
0000f5d2   __mspabi_mpyul
0000f55e   __mspabi_negd
0000f30e   __mspabi_remli
0000f6a0   __mspabi_remu
0000efe0   __mspabi_remul
0000f508   __mspabi_slli
0000f530   __mspabi_slli_1
0000f51e   __mspabi_slli_10
0000f51c   __mspabi_slli_11
0000f51a   __mspabi_slli_12
0000f518   __mspabi_slli_13
0000f516   __mspabi_slli_14
0000f514   __mspabi_slli_15
0000f52e   __mspabi_slli_2
0000f52c   __mspabi_slli_3
0000f52a   __mspabi_slli_4
0000f528   __mspabi_slli_5
0000f526   __mspabi_slli_6
0000f524   __mspabi_slli_7
0000f522   __mspabi_slli_8
0000f520   __mspabi_slli_9
0000f780   __mspabi_slll
0000f3c4   __mspabi_slll_1
0000f3a0   __mspabi_slll_10
0000f39c   __mspabi_slll_11
0000f398   __mspabi_slll_12
0000f394   __mspabi_slll_13
0000f390   __mspabi_slll_14
0000f38c   __mspabi_slll_15
0000f3c0   __mspabi_slll_2
0000f3bc   __mspabi_slll_3
0000f3b8   __mspabi_slll_4
0000f3b4   __mspabi_slll_5
0000f3b0   __mspabi_slll_6
0000f3ac   __mspabi_slll_7
0000f3a8   __mspabi_slll_8
0000f3a4   __mspabi_slll_9
0000f28a   __mspabi_sllll
0000f4dc   __mspabi_srai
0000f504   __mspabi_srai_1
0000f4f2   __mspabi_srai_10
0000f4f0   __mspabi_srai_11
0000f4ee   __mspabi_srai_12
0000f4ec   __mspabi_srai_13
0000f4ea   __mspabi_srai_14
0000f4e8   __mspabi_srai_15
0000f502   __mspabi_srai_2
0000f500   __mspabi_srai_3
0000f4fe   __mspabi_srai_4
0000f4fc   __mspabi_srai_5
0000f4fa   __mspabi_srai_6
0000f4f8   __mspabi_srai_7
0000f4f6   __mspabi_srai_8
0000f4f4   __mspabi_srai_9
0000f770   __mspabi_sral
0000f386   __mspabi_sral_1
0000f362   __mspabi_sral_10
0000f35e   __mspabi_sral_11
0000f35a   __mspabi_sral_12
0000f356   __mspabi_sral_13
0000f352   __mspabi_sral_14
0000f34e   __mspabi_sral_15
0000f382   __mspabi_sral_2
0000f37e   __mspabi_sral_3
0000f37a   __mspabi_sral_4
0000f376   __mspabi_sral_5
0000f372   __mspabi_sral_6
0000f36e   __mspabi_sral_7
0000f36a   __mspabi_sral_8
0000f366   __mspabi_sral_9
0000f12a   __mspabi_srli
0000f170   __mspabi_srli_1
0000f14c   __mspabi_srli_10
0000f148   __mspabi_srli_11
0000f144   __mspabi_srli_12
0000f140   __mspabi_srli_13
0000f13c   __mspabi_srli_14
0000f138   __mspabi_srli_15
0000f16c   __mspabi_srli_2
0000f168   __mspabi_srli_3
0000f164   __mspabi_srli_4
0000f160   __mspabi_srli_5
0000f15c   __mspabi_srli_6
0000f158   __mspabi_srli_7
0000f154   __mspabi_srli_8
0000f150   __mspabi_srli_9
0000f73c   __mspabi_srll
0000efd8   __mspabi_srll_1
0000efa2   __mspabi_srll_10
0000ef9c   __mspabi_srll_11
0000ef96   __mspabi_srll_12
0000ef90   __mspabi_srll_13
0000ef8a   __mspabi_srll_14
0000ef84   __mspabi_srll_15
0000efd2   __mspabi_srll_2
0000efcc   __mspabi_srll_3
0000efc6   __mspabi_srll_4
0000efc0   __mspabi_srll_5
0000efba   __mspabi_srll_6
0000efb4   __mspabi_srll_7
0000efae   __mspabi_srll_8
0000efa8   __mspabi_srll_9
0000f1c0   __mspabi_srlll
0000f4ae   __mspabi_subd
0000ef26   _auto_init
0000f66c   _c_int00
0000f66c   _c_int00_noexit
0000f7e2   _ctypes_
0000fffe   _reset_vector
000003b0   _stack
0000f7da   _system_pre_init
0000f7de   abort
0000f7c4   abs
0000f038   atoi
ffffffff   binit
0000f2cc   init
0000ec72   ltoa
0000f406   main
0000f650   memccpy
0000f74e   memcpy
0000f6de   memset
0000f442   sprintf
0000f7a0   strlen
0000f7ae   toupper


GLOBAL SYMBOLS: SORTED BY Symbol Address 

address    name
--------   ----
00000000   IE1
00000001   IE2
00000001   __TI_args_main
00000001   __TI_exit
00000002   IFG1
00000003   IFG2
00000010   P3REN
00000018   P3IN
00000019   P3OUT
0000001a   P3DIR
0000001b   P3SEL
00000020   P1IN
00000021   P1OUT
00000022   P1DIR
00000023   P1IFG
00000024   P1IES
00000025   P1IE
00000026   P1SEL
00000027   P1REN
00000028   P2IN
00000029   P2OUT
0000002a   P2DIR
0000002b   P2IFG
0000002c   P2IES
0000002d   P2IE
0000002e   P2SEL
0000002f   P2REN
00000041   P1SEL2
00000042   P2SEL2
00000043   P3SEL2
00000048   ADC10DTC0
00000049   ADC10DTC1
0000004a   ADC10AE0
00000050   __STACK_SIZE
00000053   BCSCTL3
00000056   DCOCTL
00000057   BCSCTL1
00000058   BCSCTL2
00000059   CACTL1
0000005a   CACTL2
0000005b   CAPD
0000005d   UCA0ABCTL
0000005e   UCA0IRTCTL
0000005f   UCA0IRRCTL
00000060   UCA0CTL0
00000061   UCA0CTL1
00000062   UCA0BR0
00000063   UCA0BR1
00000064   UCA0MCTL
00000065   UCA0STAT
00000066   UCA0RXBUF
00000067   UCA0TXBUF
00000068   UCB0CTL0
00000069   UCB0CTL1
0000006a   UCB0BR0
0000006b   UCB0BR1
0000006c   UCB0I2CIE
0000006d   UCB0STAT
0000006e   UCB0RXBUF
0000006f   UCB0TXBUF
00000118   UCB0I2COA
0000011a   UCB0I2CSA
0000011e   TA1IV
00000120   WDTCTL
00000128   FCTL1
0000012a   FCTL2
0000012c   FCTL3
0000012e   TA0IV
00000160   TA0CTL
00000162   TA0CCTL0
00000164   TA0CCTL1
00000166   TA0CCTL2
00000170   TA0R
00000172   TA0CCR0
00000174   TA0CCR1
00000176   TA0CCR2
00000180   TA1CTL
00000182   TA1CCTL0
00000184   TA1CCTL1
00000186   TA1CCTL2
00000190   TA1R
00000192   TA1CCR0
00000194   TA1CCR1
00000196   TA1CCR2
000001b0   ADC10CTL0
000001b2   ADC10CTL1
000001b4   ADC10MEM
000001bc   ADC10SA
00000200   GV
0000022a   TemperatureString
000003b0   _stack
00000400   __STACK_END
000010c0   TLV_CHECKSUM
000010da   TLV_ADC10_1_TAG
000010db   TLV_ADC10_1_LEN
000010f6   TLV_DCO_30_TAG
000010f7   TLV_DCO_30_LEN
000010f8   CALDCO_16MHZ
000010f9   CALBC1_16MHZ
000010fa   CALDCO_12MHZ
000010fb   CALBC1_12MHZ
000010fc   CALDCO_8MHZ
000010fd   CALBC1_8MHZ
000010fe   CALDCO_1MHZ
000010ff   CALBC1_1MHZ
0000c000   __TI_frcdivd
0000c466   __mspabi_divull
0000c806   __TI_frcmpyd
0000cafe   __mspabi_addd
0000cde6   __TI_frcaddd
0000d05e   __mspabi_mpyd
0000d510   __mspabi_divd
0000dd80   __TI_printfi
0000e3c2   __mspabi_mpyll
0000e7dc   __mspabi_cmpd
0000e8b8   __TI_renormd
0000ea28   __mspabi_fltlid
0000ec72   ltoa
0000ed76   __mspabi_fixdul
0000edea   __mspabi_fixdli
0000ee5c   USCI0_RX_ISR
0000ef26   _auto_init
0000ef84   __mspabi_srll_15
0000ef8a   __mspabi_srll_14
0000ef90   __mspabi_srll_13
0000ef96   __mspabi_srll_12
0000ef9c   __mspabi_srll_11
0000efa2   __mspabi_srll_10
0000efa8   __mspabi_srll_9
0000efae   __mspabi_srll_8
0000efb4   __mspabi_srll_7
0000efba   __mspabi_srll_6
0000efc0   __mspabi_srll_5
0000efc6   __mspabi_srll_4
0000efcc   __mspabi_srll_3
0000efd2   __mspabi_srll_2
0000efd8   __mspabi_srll_1
0000efe0   __mspabi_divul
0000efe0   __mspabi_remul
0000f038   atoi
0000f08c   _Dclass
0000f12a   __mspabi_srli
0000f138   __mspabi_srli_15
0000f13c   __mspabi_srli_14
0000f140   __mspabi_srli_13
0000f144   __mspabi_srli_12
0000f148   __mspabi_srli_11
0000f14c   __mspabi_srli_10
0000f150   __mspabi_srli_9
0000f154   __mspabi_srli_8
0000f158   __mspabi_srli_7
0000f15c   __mspabi_srli_6
0000f160   __mspabi_srli_5
0000f164   __mspabi_srli_4
0000f168   __mspabi_srli_3
0000f16c   __mspabi_srli_2
0000f170   __mspabi_srli_1
0000f176   UpdateSampleData
0000f1c0   __mspabi_srlll
0000f248   ADC10_ISR
0000f28a   __mspabi_sllll
0000f2cc   init
0000f30e   __mspabi_divli
0000f30e   __mspabi_remli
0000f34e   __mspabi_sral_15
0000f352   __mspabi_sral_14
0000f356   __mspabi_sral_13
0000f35a   __mspabi_sral_12
0000f35e   __mspabi_sral_11
0000f362   __mspabi_sral_10
0000f366   __mspabi_sral_9
0000f36a   __mspabi_sral_8
0000f36e   __mspabi_sral_7
0000f372   __mspabi_sral_6
0000f376   __mspabi_sral_5
0000f37a   __mspabi_sral_4
0000f37e   __mspabi_sral_3
0000f382   __mspabi_sral_2
0000f386   __mspabi_sral_1
0000f38c   __mspabi_slll_15
0000f390   __mspabi_slll_14
0000f394   __mspabi_slll_13
0000f398   __mspabi_slll_12
0000f39c   __mspabi_slll_11
0000f3a0   __mspabi_slll_10
0000f3a4   __mspabi_slll_9
0000f3a8   __mspabi_slll_8
0000f3ac   __mspabi_slll_7
0000f3b0   __mspabi_slll_6
0000f3b4   __mspabi_slll_5
0000f3b8   __mspabi_slll_4
0000f3bc   __mspabi_slll_3
0000f3c0   __mspabi_slll_2
0000f3c4   __mspabi_slll_1
0000f3ca   InitializeSamples
0000f406   main
0000f442   sprintf
0000f47a   SetupADC10
0000f4ae   __mspabi_subd
0000f4dc   __mspabi_srai
0000f4e8   __mspabi_srai_15
0000f4ea   __mspabi_srai_14
0000f4ec   __mspabi_srai_13
0000f4ee   __mspabi_srai_12
0000f4f0   __mspabi_srai_11
0000f4f2   __mspabi_srai_10
0000f4f4   __mspabi_srai_9
0000f4f6   __mspabi_srai_8
0000f4f8   __mspabi_srai_7
0000f4fa   __mspabi_srai_6
0000f4fc   __mspabi_srai_5
0000f4fe   __mspabi_srai_4
0000f500   __mspabi_srai_3
0000f502   __mspabi_srai_2
0000f504   __mspabi_srai_1
0000f508   __mspabi_slli
0000f514   __mspabi_slli_15
0000f516   __mspabi_slli_14
0000f518   __mspabi_slli_13
0000f51a   __mspabi_slli_12
0000f51c   __mspabi_slli_11
0000f51e   __mspabi_slli_10
0000f520   __mspabi_slli_9
0000f522   __mspabi_slli_8
0000f524   __mspabi_slli_7
0000f526   __mspabi_slli_6
0000f528   __mspabi_slli_5
0000f52a   __mspabi_slli_4
0000f52c   __mspabi_slli_3
0000f52e   __mspabi_slli_2
0000f530   __mspabi_slli_1
0000f534   USCI0_TX_ISR
0000f55e   __mspabi_negd
0000f588   __mspabi_mpyl
0000f5ae   TIMER1_A0_ISR
0000f5d2   __mspabi_mpyul
0000f5f4   SetupTIMER0_A
0000f614   SetupUSART_A0
0000f632   TransmitGVTxString
0000f650   memccpy
0000f66c   _c_int00
0000f66c   _c_int00_noexit
0000f6a0   __mspabi_divu
0000f6a0   __mspabi_remu
0000f6b6   SetupTIMER1_A
0000f6ca   __TI_zero_init
0000f6de   memset
0000f6f2   __mspabi_mpyi
0000f706   __mspabi_fixdu
0000f72a   __TI_decompress_none
0000f73c   __mspabi_srll
0000f74e   memcpy
0000f760   TIMER0_A1_ISR
0000f770   __mspabi_sral
0000f780   __mspabi_slll
0000f790   __mspabi_func_epilog_7
0000f792   __mspabi_func_epilog_6
0000f794   __mspabi_func_epilog_5
0000f796   __mspabi_func_epilog_4
0000f798   __mspabi_func_epilog_3
0000f79a   __mspabi_func_epilog_2
0000f79c   __mspabi_func_epilog_1
0000f7a0   strlen
0000f7ae   toupper
0000f7ba   TIMER0_A0_ISR
0000f7c4   abs
0000f7ce   __TI_ISR_TRAP
0000f7d4   __TI_decompress_rle24
0000f7da   _system_pre_init
0000f7de   C$$EXIT
0000f7de   abort
0000f7e2   _ctypes_
0000f8e4   EchoString
0000f948   OutputString
0000f972   __TI_Handler_Table_Base
0000f978   __TI_Handler_Table_Limit
0000f97c   __TI_CINIT_Base
0000f984   __TI_CINIT_Limit
0000ffe4   __TI_int02
0000ffe6   __TI_int03
0000ffea   __TI_int05
0000ffec   __TI_int06
0000ffee   __TI_int07
0000fff0   __TI_int08
0000fff2   __TI_int09
0000fff4   __TI_int10
0000fff6   __TI_int11
0000fff8   __TI_int12
0000fffa   __TI_int13
0000fffc   __TI_int14
0000fffe   _reset_vector
ffffffff   __binit__
ffffffff   __c_args__
ffffffff   binit
UNDEFED    __TI_INITARRAY_Base
UNDEFED    __TI_INITARRAY_Limit

[296 symbols]
